EJECUTORA=B4_CORRECCION_1
FECHA=2026-09-08
REJECTED_SHA=dab96fd36d7056d9700642ba4afa51cbfe79111b
CHECK_EXIT=0
TEST_EXIT=0
BUILD_NO_SHORTEN_EXIT=0
BLOG_VERIFIER_EXIT=0
AGENT_CATALOG_EXIT=0
AGENT_MARKDOWN_EXIT=0
E2E_SERIAL_EXIT=0
E2E_SERIAL_RESULT=99_PASS_11_HISTORICAL_SKIP
B4_SPECS_EXIT=0
B4_SPECS_RESULT=19_PASS
REPLACEMENT_SOURCE_HTTP_EXIT=0
REPLACEMENT_SOURCE_HTTP_RESULT=4_OF_4_HTTP_200
EXECUTABLE_EVIDENCE_COUNT=0
INDEPENDENT_REAUDIT=PENDIENTE
PRODUCTION_VERIFICATION=PENDIENTE_SIN_MERGE_NI_DEPLOY
VERDICT=CANDIDATO_CORREGIDO_NO_APROBADO
FIRMA=Equipo de Vet24cr
