A	briefings/briefing-atencion-veterinaria-24h-por-zona.md
A	briefings/briefing-atencion-veterinaria-para-exoticos.md
A	briefings/briefing-costo-emergencia-veterinaria-nocturna.md
A	briefings/briefing-urgencias-en-gatos.md
M	briefings/briefing-urgencias-en-perros.md
M	docs/blog/autoria.md
A	docs/blog/evidencia/b4/base-agent-scan-command.log
A	docs/blog/evidencia/b4/base-agent-scan.json
A	docs/blog/evidencia/b4/base-agent-scan.stderr.log
A	docs/blog/evidencia/b4/base-build-command.log
A	docs/blog/evidencia/b4/base-build.stderr.log
A	docs/blog/evidencia/b4/base-build.stdout.log
A	docs/blog/evidencia/b4/base-catalog-mirrors.json
A	docs/blog/evidencia/b4/base-emergency-layout-command.log
A	docs/blog/evidencia/b4/base-emergency-layout.json
A	docs/blog/evidencia/b4/base-emergency-layout/clinica-hems-una-heredia-1440.json
A	docs/blog/evidencia/b4/base-emergency-layout/clinica-hems-una-heredia-1440.png
A	docs/blog/evidencia/b4/base-emergency-layout/clinica-hems-una-heredia-390.json
A	docs/blog/evidencia/b4/base-emergency-layout/clinica-hems-una-heredia-390.png
A	docs/blog/evidencia/b4/base-emergency-layout/clinica-hospital-vet-medical-care-heredia-1440.json
A	docs/blog/evidencia/b4/base-emergency-layout/clinica-hospital-vet-medical-care-heredia-1440.png
A	docs/blog/evidencia/b4/base-emergency-layout/clinica-hospital-vet-medical-care-heredia-390.json
A	docs/blog/evidencia/b4/base-emergency-layout/clinica-hospital-vet-medical-care-heredia-390.png
A	docs/blog/evidencia/b4/base-emergency-layout/clinica-veterinaria-gocha-santo-domingo-1440.json
A	docs/blog/evidencia/b4/base-emergency-layout/clinica-veterinaria-gocha-santo-domingo-1440.png
A	docs/blog/evidencia/b4/base-emergency-layout/clinica-veterinaria-gocha-santo-domingo-390.json
A	docs/blog/evidencia/b4/base-emergency-layout/clinica-veterinaria-gocha-santo-domingo-390.png
A	docs/blog/evidencia/b4/base-emergency-layout/zona-guapiles-1440.json
A	docs/blog/evidencia/b4/base-emergency-layout/zona-guapiles-1440.png
A	docs/blog/evidencia/b4/base-emergency-layout/zona-guapiles-390.json
A	docs/blog/evidencia/b4/base-emergency-layout/zona-guapiles-390.png
A	docs/blog/evidencia/b4/base-emergency-layout/zona-san-pablo-heredia-1440.json
A	docs/blog/evidencia/b4/base-emergency-layout/zona-san-pablo-heredia-1440.png
A	docs/blog/evidencia/b4/base-emergency-layout/zona-san-pablo-heredia-390.json
A	docs/blog/evidencia/b4/base-emergency-layout/zona-san-pablo-heredia-390.png
A	docs/blog/evidencia/b4/base-http.json
A	docs/blog/evidencia/b4/base-scan-coverage.json
A	docs/blog/evidencia/b4/base-sitemap.json
A	docs/blog/evidencia/b4/base.json
A	docs/blog/evidencia/b4/briefings/briefing-atencion-veterinaria-24h-por-zona.md
A	docs/blog/evidencia/b4/briefings/briefing-atencion-veterinaria-para-exoticos.md
A	docs/blog/evidencia/b4/briefings/briefing-costo-emergencia-veterinaria-nocturna.md
A	docs/blog/evidencia/b4/briefings/briefing-urgencias-en-gatos.md
A	docs/blog/evidencia/b4/briefings/briefing-urgencias-en-perros.md
A	docs/blog/evidencia/b4/candidate-emergency-layout/clinica-hems-una-heredia-1440.json
A	docs/blog/evidencia/b4/candidate-emergency-layout/clinica-hems-una-heredia-1440.png
A	docs/blog/evidencia/b4/candidate-emergency-layout/clinica-hems-una-heredia-390.json
A	docs/blog/evidencia/b4/candidate-emergency-layout/clinica-hems-una-heredia-390.png
A	docs/blog/evidencia/b4/candidate-emergency-layout/clinica-hospital-vet-medical-care-heredia-1440.json
A	docs/blog/evidencia/b4/candidate-emergency-layout/clinica-hospital-vet-medical-care-heredia-1440.png
A	docs/blog/evidencia/b4/candidate-emergency-layout/clinica-hospital-vet-medical-care-heredia-390.json
A	docs/blog/evidencia/b4/candidate-emergency-layout/clinica-hospital-vet-medical-care-heredia-390.png
A	docs/blog/evidencia/b4/candidate-emergency-layout/clinica-veterinaria-gocha-santo-domingo-1440.json
A	docs/blog/evidencia/b4/candidate-emergency-layout/clinica-veterinaria-gocha-santo-domingo-1440.png
A	docs/blog/evidencia/b4/candidate-emergency-layout/clinica-veterinaria-gocha-santo-domingo-390.json
A	docs/blog/evidencia/b4/candidate-emergency-layout/clinica-veterinaria-gocha-santo-domingo-390.png
A	docs/blog/evidencia/b4/candidate-emergency-layout/zona-guapiles-1440.json
A	docs/blog/evidencia/b4/candidate-emergency-layout/zona-guapiles-1440.png
A	docs/blog/evidencia/b4/candidate-emergency-layout/zona-guapiles-390.json
A	docs/blog/evidencia/b4/candidate-emergency-layout/zona-guapiles-390.png
A	docs/blog/evidencia/b4/candidate-emergency-layout/zona-san-pablo-heredia-1440.json
A	docs/blog/evidencia/b4/candidate-emergency-layout/zona-san-pablo-heredia-1440.png
A	docs/blog/evidencia/b4/candidate-emergency-layout/zona-san-pablo-heredia-390.json
A	docs/blog/evidencia/b4/candidate-emergency-layout/zona-san-pablo-heredia-390.png
A	docs/blog/evidencia/b4/matrices/matriz-atencion-veterinaria-24h-por-zona.md
A	docs/blog/evidencia/b4/matrices/matriz-atencion-veterinaria-para-exoticos.md
A	docs/blog/evidencia/b4/matrices/matriz-costo-emergencia-veterinaria-nocturna.md
A	docs/blog/evidencia/b4/matrices/matriz-urgencias-en-gatos.md
A	docs/blog/evidencia/b4/matrices/matriz-urgencias-en-perros.md
A	docs/blog/evidencia/b4/visual-articulos/atencion-veterinaria-24h-por-zona-1440.png
A	docs/blog/evidencia/b4/visual-articulos/atencion-veterinaria-24h-por-zona-390.png
A	docs/blog/evidencia/b4/visual-articulos/atencion-veterinaria-para-exoticos-1440.png
A	docs/blog/evidencia/b4/visual-articulos/atencion-veterinaria-para-exoticos-390.png
A	docs/blog/evidencia/b4/visual-articulos/costo-emergencia-veterinaria-nocturna-1440.png
A	docs/blog/evidencia/b4/visual-articulos/costo-emergencia-veterinaria-nocturna-390.png
A	docs/blog/evidencia/b4/visual-articulos/urgencias-en-gatos-1440.png
A	docs/blog/evidencia/b4/visual-articulos/urgencias-en-gatos-390.png
A	docs/blog/evidencia/b4/visual-articulos/urgencias-en-perros-1440.png
A	docs/blog/evidencia/b4/visual-articulos/urgencias-en-perros-390.png
M	docs/seo/enlazado-interno.md
M	scripts/verification/blog.mjs
A	src/content/blog/atencion-veterinaria-24h-por-zona.md
A	src/content/blog/atencion-veterinaria-para-exoticos.md
A	src/content/blog/costo-emergencia-veterinaria-nocturna.md
A	src/content/blog/urgencias-en-gatos.md
M	src/content/blog/urgencias-en-perros.md
M	src/data/internal-links.ts
M	src/pages/politica-editorial.astro
M	tests/e2e/blog-emergency-layout.spec.ts
M	tests/e2e/blog.spec.ts
M	tests/unit/blog-links.test.ts
M	tests/unit/blog-publication.test.ts
M	tests/unit/blog-schema.test.ts
