COMMAND=git diff --name-status b9d7db74d85f99ab580c7bc0d03dd51c13744f71...HEAD
HEAD=3d39172aa0ddba138e56987b5f1b3a8319fac73d
BASE=b9d7db74d85f99ab580c7bc0d03dd51c13744f71
STDOUT:
A	docs/blog/evidencia/b2/agent-catalog-candidate.log
A	docs/blog/evidencia/b2/agent-catalog-final.log
A	docs/blog/evidencia/b2/agent-catalog-reviewed.log
A	docs/blog/evidencia/b2/agent-catalog.log
A	docs/blog/evidencia/b2/agent-markdown-candidate.log
A	docs/blog/evidencia/b2/agent-markdown-final.log
A	docs/blog/evidencia/b2/agent-markdown-reviewed.log
A	docs/blog/evidencia/b2/agent-markdown.log
A	docs/blog/evidencia/b2/allowlist-review.json
A	docs/blog/evidencia/b2/artifact-conservation.json
A	docs/blog/evidencia/b2/artifact-mutations-final.json
A	docs/blog/evidencia/b2/artifact-mutations.json
A	docs/blog/evidencia/b2/base-agent-scan-command.log
A	docs/blog/evidencia/b2/base-agent-scan.json
A	docs/blog/evidencia/b2/base-agent-scan.stderr.log
A	docs/blog/evidencia/b2/base-artifacts.json
A	docs/blog/evidencia/b2/base-build-command.log
A	docs/blog/evidencia/b2/base-build.stderr.log
A	docs/blog/evidencia/b2/base-build.stdout.log
A	docs/blog/evidencia/b2/base-clinica-hems-una-heredia-1440.png
A	docs/blog/evidencia/b2/base-clinica-hems-una-heredia-390.png
A	docs/blog/evidencia/b2/base-clinica-hospital-vet-medical-care-heredia-1440.png
A	docs/blog/evidencia/b2/base-clinica-hospital-vet-medical-care-heredia-390.png
A	docs/blog/evidencia/b2/base-clinica-veterinaria-gocha-santo-domingo-1440.png
A	docs/blog/evidencia/b2/base-clinica-veterinaria-gocha-santo-domingo-390.png
A	docs/blog/evidencia/b2/base-fonts-clinica-hems-una-heredia-1440.png
A	docs/blog/evidencia/b2/base-fonts-clinica-hems-una-heredia-390.png
A	docs/blog/evidencia/b2/base-fonts-clinica-hospital-vet-medical-care-heredia-1440.png
A	docs/blog/evidencia/b2/base-fonts-clinica-hospital-vet-medical-care-heredia-390.png
A	docs/blog/evidencia/b2/base-fonts-clinica-veterinaria-gocha-santo-domingo-1440.png
A	docs/blog/evidencia/b2/base-fonts-clinica-veterinaria-gocha-santo-domingo-390.png
A	docs/blog/evidencia/b2/base-fonts-geometry.json
A	docs/blog/evidencia/b2/base-fonts-zona-guapiles-1440.png
A	docs/blog/evidencia/b2/base-fonts-zona-guapiles-390.png
A	docs/blog/evidencia/b2/base-fonts-zona-san-pablo-heredia-1440.png
A	docs/blog/evidencia/b2/base-fonts-zona-san-pablo-heredia-390.png
A	docs/blog/evidencia/b2/base-geometry.json
A	docs/blog/evidencia/b2/base-loaded-clinica-hems-una-heredia-1440.png
A	docs/blog/evidencia/b2/base-loaded-clinica-hems-una-heredia-390.png
A	docs/blog/evidencia/b2/base-loaded-clinica-hospital-vet-medical-care-heredia-1440.png
A	docs/blog/evidencia/b2/base-loaded-clinica-hospital-vet-medical-care-heredia-390.png
A	docs/blog/evidencia/b2/base-loaded-clinica-veterinaria-gocha-santo-domingo-1440.png
A	docs/blog/evidencia/b2/base-loaded-clinica-veterinaria-gocha-santo-domingo-390.png
A	docs/blog/evidencia/b2/base-loaded-geometry.json
A	docs/blog/evidencia/b2/base-loaded-zona-guapiles-1440.png
A	docs/blog/evidencia/b2/base-loaded-zona-guapiles-390.png
A	docs/blog/evidencia/b2/base-loaded-zona-san-pablo-heredia-1440.png
A	docs/blog/evidencia/b2/base-loaded-zona-san-pablo-heredia-390.png
A	docs/blog/evidencia/b2/base-scan-coverage.json
A	docs/blog/evidencia/b2/base-supplement-build-command.log
A	docs/blog/evidencia/b2/base-supplement-build.stderr.log
A	docs/blog/evidencia/b2/base-supplement-build.stdout.log
A	docs/blog/evidencia/b2/base-supplement-e2e-command.log
A	docs/blog/evidencia/b2/base-supplement-e2e.stderr.log
A	docs/blog/evidencia/b2/base-supplement-e2e.stdout.log
A	docs/blog/evidencia/b2/base-supplement-visual/clinica-hems-una-heredia-1440.json
A	docs/blog/evidencia/b2/base-supplement-visual/clinica-hems-una-heredia-1440.png
A	docs/blog/evidencia/b2/base-supplement-visual/clinica-hems-una-heredia-390.json
A	docs/blog/evidencia/b2/base-supplement-visual/clinica-hems-una-heredia-390.png
A	docs/blog/evidencia/b2/base-supplement-visual/clinica-hospital-vet-medical-care-heredia-1440.json
A	docs/blog/evidencia/b2/base-supplement-visual/clinica-hospital-vet-medical-care-heredia-1440.png
A	docs/blog/evidencia/b2/base-supplement-visual/clinica-hospital-vet-medical-care-heredia-390.json
A	docs/blog/evidencia/b2/base-supplement-visual/clinica-hospital-vet-medical-care-heredia-390.png
A	docs/blog/evidencia/b2/base-supplement-visual/clinica-veterinaria-gocha-santo-domingo-1440.json
A	docs/blog/evidencia/b2/base-supplement-visual/clinica-veterinaria-gocha-santo-domingo-1440.png
A	docs/blog/evidencia/b2/base-supplement-visual/clinica-veterinaria-gocha-santo-domingo-390.json
A	docs/blog/evidencia/b2/base-supplement-visual/clinica-veterinaria-gocha-santo-domingo-390.png
A	docs/blog/evidencia/b2/base-supplement-visual/zona-guapiles-1440.json
A	docs/blog/evidencia/b2/base-supplement-visual/zona-guapiles-1440.png
A	docs/blog/evidencia/b2/base-supplement-visual/zona-guapiles-390.json
A	docs/blog/evidencia/b2/base-supplement-visual/zona-guapiles-390.png
A	docs/blog/evidencia/b2/base-supplement-visual/zona-san-pablo-heredia-1440.json
A	docs/blog/evidencia/b2/base-supplement-visual/zona-san-pablo-heredia-1440.png
A	docs/blog/evidencia/b2/base-supplement-visual/zona-san-pablo-heredia-390.json
A	docs/blog/evidencia/b2/base-supplement-visual/zona-san-pablo-heredia-390.png
A	docs/blog/evidencia/b2/base-zona-guapiles-1440.png
A	docs/blog/evidencia/b2/base-zona-guapiles-390.png
A	docs/blog/evidencia/b2/base-zona-san-pablo-heredia-1440.png
A	docs/blog/evidencia/b2/base-zona-san-pablo-heredia-390.png
A	docs/blog/evidencia/b2/base.json
A	docs/blog/evidencia/b2/blog-ejecutora.log
A	docs/blog/evidencia/b2/blog-initial.log
A	docs/blog/evidencia/b2/build-final.log
A	docs/blog/evidencia/b2/build-product-equivalence.log
A	docs/blog/evidencia/b2/build-retry-command.log
A	docs/blog/evidencia/b2/build-retry.stderr.log
A	docs/blog/evidencia/b2/build-retry.stdout.log
A	docs/blog/evidencia/b2/candidate-build-command.log
A	docs/blog/evidencia/b2/candidate-build.stderr.log
A	docs/blog/evidencia/b2/candidate-build.stdout.log
A	docs/blog/evidencia/b2/candidate-final-visual/clinica-hems-una-heredia-1440.json
A	docs/blog/evidencia/b2/candidate-final-visual/clinica-hems-una-heredia-1440.png
A	docs/blog/evidencia/b2/candidate-final-visual/clinica-hems-una-heredia-390.json
A	docs/blog/evidencia/b2/candidate-final-visual/clinica-hems-una-heredia-390.png
A	docs/blog/evidencia/b2/candidate-final-visual/clinica-hospital-vet-medical-care-heredia-1440.json
A	docs/blog/evidencia/b2/candidate-final-visual/clinica-hospital-vet-medical-care-heredia-1440.png
A	docs/blog/evidencia/b2/candidate-final-visual/clinica-hospital-vet-medical-care-heredia-390.json
A	docs/blog/evidencia/b2/candidate-final-visual/clinica-hospital-vet-medical-care-heredia-390.png
A	docs/blog/evidencia/b2/candidate-final-visual/clinica-veterinaria-gocha-santo-domingo-1440.json
A	docs/blog/evidencia/b2/candidate-final-visual/clinica-veterinaria-gocha-santo-domingo-1440.png
A	docs/blog/evidencia/b2/candidate-final-visual/clinica-veterinaria-gocha-santo-domingo-390.json
A	docs/blog/evidencia/b2/candidate-final-visual/clinica-veterinaria-gocha-santo-domingo-390.png
A	docs/blog/evidencia/b2/candidate-final-visual/zona-guapiles-1440.json
A	docs/blog/evidencia/b2/candidate-final-visual/zona-guapiles-1440.png
A	docs/blog/evidencia/b2/candidate-final-visual/zona-guapiles-390.json
A	docs/blog/evidencia/b2/candidate-final-visual/zona-guapiles-390.png
A	docs/blog/evidencia/b2/candidate-final-visual/zona-san-pablo-heredia-1440.json
A	docs/blog/evidencia/b2/candidate-final-visual/zona-san-pablo-heredia-1440.png
A	docs/blog/evidencia/b2/candidate-final-visual/zona-san-pablo-heredia-390.json
A	docs/blog/evidencia/b2/candidate-final-visual/zona-san-pablo-heredia-390.png
A	docs/blog/evidencia/b2/candidate-reviewed-visual/clinica-hems-una-heredia-1440.json
A	docs/blog/evidencia/b2/candidate-reviewed-visual/clinica-hems-una-heredia-1440.png
A	docs/blog/evidencia/b2/candidate-reviewed-visual/clinica-hems-una-heredia-390.json
A	docs/blog/evidencia/b2/candidate-reviewed-visual/clinica-hems-una-heredia-390.png
A	docs/blog/evidencia/b2/candidate-reviewed-visual/clinica-hospital-vet-medical-care-heredia-1440.json
A	docs/blog/evidencia/b2/candidate-reviewed-visual/clinica-hospital-vet-medical-care-heredia-1440.png
A	docs/blog/evidencia/b2/candidate-reviewed-visual/clinica-hospital-vet-medical-care-heredia-390.json
A	docs/blog/evidencia/b2/candidate-reviewed-visual/clinica-hospital-vet-medical-care-heredia-390.png
A	docs/blog/evidencia/b2/candidate-reviewed-visual/clinica-veterinaria-gocha-santo-domingo-1440.json
A	docs/blog/evidencia/b2/candidate-reviewed-visual/clinica-veterinaria-gocha-santo-domingo-1440.png
A	docs/blog/evidencia/b2/candidate-reviewed-visual/clinica-veterinaria-gocha-santo-domingo-390.json
A	docs/blog/evidencia/b2/candidate-reviewed-visual/clinica-veterinaria-gocha-santo-domingo-390.png
A	docs/blog/evidencia/b2/candidate-reviewed-visual/zona-guapiles-1440.json
A	docs/blog/evidencia/b2/candidate-reviewed-visual/zona-guapiles-1440.png
A	docs/blog/evidencia/b2/candidate-reviewed-visual/zona-guapiles-390.json
A	docs/blog/evidencia/b2/candidate-reviewed-visual/zona-guapiles-390.png
A	docs/blog/evidencia/b2/candidate-reviewed-visual/zona-san-pablo-heredia-1440.json
A	docs/blog/evidencia/b2/candidate-reviewed-visual/zona-san-pablo-heredia-1440.png
A	docs/blog/evidencia/b2/candidate-reviewed-visual/zona-san-pablo-heredia-390.json
A	docs/blog/evidencia/b2/candidate-reviewed-visual/zona-san-pablo-heredia-390.png
A	docs/blog/evidencia/b2/candidate-visual/clinica-hems-una-heredia-1440.json
A	docs/blog/evidencia/b2/candidate-visual/clinica-hems-una-heredia-1440.png
A	docs/blog/evidencia/b2/candidate-visual/clinica-hems-una-heredia-390.json
A	docs/blog/evidencia/b2/candidate-visual/clinica-hems-una-heredia-390.png
A	docs/blog/evidencia/b2/candidate-visual/clinica-hospital-vet-medical-care-heredia-1440.json
A	docs/blog/evidencia/b2/candidate-visual/clinica-hospital-vet-medical-care-heredia-1440.png
A	docs/blog/evidencia/b2/candidate-visual/clinica-hospital-vet-medical-care-heredia-390.json
A	docs/blog/evidencia/b2/candidate-visual/clinica-hospital-vet-medical-care-heredia-390.png
A	docs/blog/evidencia/b2/candidate-visual/clinica-veterinaria-gocha-santo-domingo-1440.json
A	docs/blog/evidencia/b2/candidate-visual/clinica-veterinaria-gocha-santo-domingo-1440.png
A	docs/blog/evidencia/b2/candidate-visual/clinica-veterinaria-gocha-santo-domingo-390.json
A	docs/blog/evidencia/b2/candidate-visual/clinica-veterinaria-gocha-santo-domingo-390.png
A	docs/blog/evidencia/b2/candidate-visual/zona-guapiles-1440.json
A	docs/blog/evidencia/b2/candidate-visual/zona-guapiles-1440.png
A	docs/blog/evidencia/b2/candidate-visual/zona-guapiles-390.json
A	docs/blog/evidencia/b2/candidate-visual/zona-guapiles-390.png
A	docs/blog/evidencia/b2/candidate-visual/zona-san-pablo-heredia-1440.json
A	docs/blog/evidencia/b2/candidate-visual/zona-san-pablo-heredia-1440.png
A	docs/blog/evidencia/b2/candidate-visual/zona-san-pablo-heredia-390.json
A	docs/blog/evidencia/b2/candidate-visual/zona-san-pablo-heredia-390.png
A	docs/blog/evidencia/b2/check-final.log
A	docs/blog/evidencia/b2/check-initial.stderr.log
A	docs/blog/evidencia/b2/check-initial.stdout.log
A	docs/blog/evidencia/b2/check-reviewed.log
A	docs/blog/evidencia/b2/check-second-command.log
A	docs/blog/evidencia/b2/check-second.stderr.log
A	docs/blog/evidencia/b2/check-second.stdout.log
A	docs/blog/evidencia/b2/check.log
A	docs/blog/evidencia/b2/e2e-command.log
A	docs/blog/evidencia/b2/e2e-final-command.log
A	docs/blog/evidencia/b2/e2e-final.stderr.log
A	docs/blog/evidencia/b2/e2e-final.stdout.log
A	docs/blog/evidencia/b2/e2e-localhost-command.log
A	docs/blog/evidencia/b2/e2e-localhost.stderr.log
A	docs/blog/evidencia/b2/e2e-localhost.stdout.log
A	docs/blog/evidencia/b2/e2e-reviewed-command.log
A	docs/blog/evidencia/b2/e2e-reviewed.stderr.log
A	docs/blog/evidencia/b2/e2e-reviewed.stdout.log
A	docs/blog/evidencia/b2/e2e.stderr.log
A	docs/blog/evidencia/b2/e2e.stdout.log
A	docs/blog/evidencia/b2/entrega-ejecutora.md
A	docs/blog/evidencia/b2/evidence-inventory.json
A	docs/blog/evidencia/b2/execution-context.json
A	docs/blog/evidencia/b2/fixture-article-1440.png
A	docs/blog/evidencia/b2/fixture-article-390.png
A	docs/blog/evidencia/b2/fixture-article-links.json
A	docs/blog/evidencia/b2/fixture-blog-command.log
A	docs/blog/evidencia/b2/fixture-blog.stderr.log
A	docs/blog/evidencia/b2/fixture-blog.stdout.log
A	docs/blog/evidencia/b2/fixture-build-command.log
A	docs/blog/evidencia/b2/fixture-build.stderr.log
A	docs/blog/evidencia/b2/fixture-build.stdout.log
A	docs/blog/evidencia/b2/fixture-e2e-command.log
A	docs/blog/evidencia/b2/fixture-e2e.stderr.log
A	docs/blog/evidencia/b2/fixture-e2e.stdout.log
A	docs/blog/evidencia/b2/fixture-final-blog-command.log
A	docs/blog/evidencia/b2/fixture-final-blog.stderr.log
A	docs/blog/evidencia/b2/fixture-final-blog.stdout.log
A	docs/blog/evidencia/b2/fixture-final-build-command.log
A	docs/blog/evidencia/b2/fixture-final-build.stderr.log
A	docs/blog/evidencia/b2/fixture-final-build.stdout.log
A	docs/blog/evidencia/b2/fixture-final-e2e-command.log
A	docs/blog/evidencia/b2/fixture-final-e2e.stderr.log
A	docs/blog/evidencia/b2/fixture-final-e2e.stdout.log
A	docs/blog/evidencia/b2/fixture-final-removed.diff
A	docs/blog/evidencia/b2/fixture-final-visual/clinica-hems-una-heredia-390.json
A	docs/blog/evidencia/b2/fixture-final-visual/clinica-hems-una-heredia-390.png
A	docs/blog/evidencia/b2/fixture-final-visual/clinica-hospital-vet-medical-care-heredia-1440.json
A	docs/blog/evidencia/b2/fixture-final-visual/clinica-hospital-vet-medical-care-heredia-1440.png
A	docs/blog/evidencia/b2/fixture-final-visual/clinica-hospital-vet-medical-care-heredia-390.json
A	docs/blog/evidencia/b2/fixture-final-visual/clinica-hospital-vet-medical-care-heredia-390.png
A	docs/blog/evidencia/b2/fixture-final-visual/clinica-veterinaria-gocha-santo-domingo-1440.json
A	docs/blog/evidencia/b2/fixture-final-visual/clinica-veterinaria-gocha-santo-domingo-1440.png
A	docs/blog/evidencia/b2/fixture-final-visual/clinica-veterinaria-gocha-santo-domingo-390.json
A	docs/blog/evidencia/b2/fixture-final-visual/clinica-veterinaria-gocha-santo-domingo-390.png
A	docs/blog/evidencia/b2/fixture-final-visual/zona-guapiles-1440.json
A	docs/blog/evidencia/b2/fixture-final-visual/zona-guapiles-1440.png
A	docs/blog/evidencia/b2/fixture-final-visual/zona-guapiles-390.json
A	docs/blog/evidencia/b2/fixture-final-visual/zona-guapiles-390.png
A	docs/blog/evidencia/b2/fixture-final-visual/zona-san-pablo-heredia-1440.json
A	docs/blog/evidencia/b2/fixture-final-visual/zona-san-pablo-heredia-1440.png
A	docs/blog/evidencia/b2/fixture-removed.diff
A	docs/blog/evidencia/b2/fixture-reviewed-e2e-command.log
A	docs/blog/evidencia/b2/fixture-reviewed-e2e.stderr.log
A	docs/blog/evidencia/b2/fixture-reviewed-e2e.stdout.log
A	docs/blog/evidencia/b2/fixture-reviewed-visual/clinica-hems-una-heredia-1440.json
A	docs/blog/evidencia/b2/fixture-reviewed-visual/clinica-hems-una-heredia-1440.png
A	docs/blog/evidencia/b2/fixture-reviewed-visual/clinica-hems-una-heredia-390.json
A	docs/blog/evidencia/b2/fixture-reviewed-visual/clinica-hems-una-heredia-390.png
A	docs/blog/evidencia/b2/fixture-reviewed-visual/clinica-hospital-vet-medical-care-heredia-1440.json
A	docs/blog/evidencia/b2/fixture-reviewed-visual/clinica-hospital-vet-medical-care-heredia-1440.png
A	docs/blog/evidencia/b2/fixture-reviewed-visual/clinica-hospital-vet-medical-care-heredia-390.json
A	docs/blog/evidencia/b2/fixture-reviewed-visual/clinica-hospital-vet-medical-care-heredia-390.png
A	docs/blog/evidencia/b2/fixture-reviewed-visual/clinica-veterinaria-gocha-santo-domingo-1440.json
A	docs/blog/evidencia/b2/fixture-reviewed-visual/clinica-veterinaria-gocha-santo-domingo-1440.png
A	docs/blog/evidencia/b2/fixture-reviewed-visual/clinica-veterinaria-gocha-santo-domingo-390.json
A	docs/blog/evidencia/b2/fixture-reviewed-visual/clinica-veterinaria-gocha-santo-domingo-390.png
A	docs/blog/evidencia/b2/fixture-reviewed-visual/zona-guapiles-1440.json
A	docs/blog/evidencia/b2/fixture-reviewed-visual/zona-guapiles-1440.png
A	docs/blog/evidencia/b2/fixture-reviewed-visual/zona-guapiles-390.json
A	docs/blog/evidencia/b2/fixture-reviewed-visual/zona-guapiles-390.png
A	docs/blog/evidencia/b2/fixture-reviewed-visual/zona-san-pablo-heredia-1440.json
A	docs/blog/evidencia/b2/fixture-reviewed-visual/zona-san-pablo-heredia-1440.png
A	docs/blog/evidencia/b2/fixture-reviewed-visual/zona-san-pablo-heredia-390.json
A	docs/blog/evidencia/b2/fixture-reviewed-visual/zona-san-pablo-heredia-390.png
A	docs/blog/evidencia/b2/fixture-visual/clinica-hems-una-heredia-1440.json
A	docs/blog/evidencia/b2/fixture-visual/clinica-hems-una-heredia-1440.png
A	docs/blog/evidencia/b2/fixture-visual/clinica-hems-una-heredia-390.json
A	docs/blog/evidencia/b2/fixture-visual/clinica-hems-una-heredia-390.png
A	docs/blog/evidencia/b2/fixture-visual/clinica-hospital-vet-medical-care-heredia-1440.json
A	docs/blog/evidencia/b2/fixture-visual/clinica-hospital-vet-medical-care-heredia-1440.png
A	docs/blog/evidencia/b2/fixture-visual/clinica-hospital-vet-medical-care-heredia-390.json
A	docs/blog/evidencia/b2/fixture-visual/clinica-hospital-vet-medical-care-heredia-390.png
A	docs/blog/evidencia/b2/fixture-visual/clinica-veterinaria-gocha-santo-domingo-1440.json
A	docs/blog/evidencia/b2/fixture-visual/clinica-veterinaria-gocha-santo-domingo-1440.png
A	docs/blog/evidencia/b2/fixture-visual/clinica-veterinaria-gocha-santo-domingo-390.json
A	docs/blog/evidencia/b2/fixture-visual/clinica-veterinaria-gocha-santo-domingo-390.png
A	docs/blog/evidencia/b2/fixture-visual/zona-guapiles-1440.json
A	docs/blog/evidencia/b2/fixture-visual/zona-guapiles-1440.png
A	docs/blog/evidencia/b2/fixture-visual/zona-guapiles-390.json
A	docs/blog/evidencia/b2/fixture-visual/zona-guapiles-390.png
A	docs/blog/evidencia/b2/fixture-visual/zona-san-pablo-heredia-1440.json
A	docs/blog/evidencia/b2/fixture-visual/zona-san-pablo-heredia-1440.png
A	docs/blog/evidencia/b2/fixture-visual/zona-san-pablo-heredia-390.json
A	docs/blog/evidencia/b2/fixture-visual/zona-san-pablo-heredia-390.png
A	docs/blog/evidencia/b2/geometry-focus-comparison.json
A	docs/blog/evidencia/b2/geometry-reviewed-comparison.json
A	docs/blog/evidencia/b2/negative-process-results.json
A	docs/blog/evidencia/b2/published-fixture.diff
A	docs/blog/evidencia/b2/test-final.log
A	docs/blog/evidencia/b2/test-reviewed.log
A	docs/blog/evidencia/b2/test.log
A	docs/blog/evidencia/b2/unit-initial-command.log
A	docs/blog/evidencia/b2/unit-initial.stderr.log
A	docs/blog/evidencia/b2/unit-initial.stdout.log
A	docs/seo/enlazado-interno.md
M	scripts/verification/blog.mjs
A	src/components/GuiasRelacionadas.astro
A	src/data/internal-links.ts
A	src/lib/blog-links.ts
M	src/pages/blog/[pilar]/[slug].astro
M	src/pages/clinica/[slug].astro
M	src/pages/zona/[zona].astro
A	tests/e2e/blog-emergency-layout.spec.ts
M	tests/e2e/blog.spec.ts
A	tests/unit/blog-links.test.ts

STDERR:

EXIT_CODE=0
