A	docs/blog/autoria.md
A	docs/blog/evidencia/b3/agent-catalog-command.log
A	docs/blog/evidencia/b3/agent-catalog.stderr.log
A	docs/blog/evidencia/b3/agent-catalog.stdout.log
A	docs/blog/evidencia/b3/agent-markdown-command.log
A	docs/blog/evidencia/b3/agent-markdown.stderr.log
A	docs/blog/evidencia/b3/agent-markdown.stdout.log
A	docs/blog/evidencia/b3/base-agent-catalog-command.log
A	docs/blog/evidencia/b3/base-agent-catalog.stderr.log
A	docs/blog/evidencia/b3/base-agent-catalog.stdout.log
A	docs/blog/evidencia/b3/base-agent-markdown-command.log
A	docs/blog/evidencia/b3/base-agent-markdown.stderr.log
A	docs/blog/evidencia/b3/base-agent-markdown.stdout.log
A	docs/blog/evidencia/b3/base-agent-scan-command.log
A	docs/blog/evidencia/b3/base-agent-scan.json
A	docs/blog/evidencia/b3/base-agent-scan.stderr.log
A	docs/blog/evidencia/b3/base-archives-command.log
A	docs/blog/evidencia/b3/base-archives.stderr.log
A	docs/blog/evidencia/b3/base-archives.stdout.log
A	docs/blog/evidencia/b3/base-build-command.log
A	docs/blog/evidencia/b3/base-build.stderr.log
A	docs/blog/evidencia/b3/base-build.stdout.log
A	docs/blog/evidencia/b3/base-catalog-mirrors.json
A	docs/blog/evidencia/b3/base-comparison-build-command.log
A	docs/blog/evidencia/b3/base-comparison-build.stderr.log
A	docs/blog/evidencia/b3/base-comparison-build.stdout.log
A	docs/blog/evidencia/b3/base-comparison-e2e-command.log
A	docs/blog/evidencia/b3/base-comparison-e2e.stderr.log
A	docs/blog/evidencia/b3/base-comparison-e2e.stdout.log
A	docs/blog/evidencia/b3/base-geometry-command.log
A	docs/blog/evidencia/b3/base-geometry.json
A	docs/blog/evidencia/b3/base-geometry.stderr.log
A	docs/blog/evidencia/b3/base-scan-coverage.json
A	docs/blog/evidencia/b3/base-sitemap.json
A	docs/blog/evidencia/b3/base.json
A	docs/blog/evidencia/b3/blog-e2e-command.log
A	docs/blog/evidencia/b3/blog-e2e.stderr.log
A	docs/blog/evidencia/b3/blog-e2e.stdout.log
A	docs/blog/evidencia/b3/blog-ejecutora.log
A	docs/blog/evidencia/b3/blog-no-preview-command.log
A	docs/blog/evidencia/b3/blog-no-preview.stderr.log
A	docs/blog/evidencia/b3/blog-no-preview.stdout.log
A	docs/blog/evidencia/b3/blog-preview-command.log
A	docs/blog/evidencia/b3/blog-preview.stderr.log
A	docs/blog/evidencia/b3/blog-preview.stdout.log
A	docs/blog/evidencia/b3/build-no-shorten-command.log
A	docs/blog/evidencia/b3/build-no-shorten-retry-command.log
A	docs/blog/evidencia/b3/build-no-shorten-retry.stderr.log
A	docs/blog/evidencia/b3/build-no-shorten-retry.stdout.log
A	docs/blog/evidencia/b3/build-no-shorten.stderr.log
A	docs/blog/evidencia/b3/build-no-shorten.stdout.log
A	docs/blog/evidencia/b3/check-command.log
A	docs/blog/evidencia/b3/check.stderr.log
A	docs/blog/evidencia/b3/check.stdout.log
A	docs/blog/evidencia/b3/e2e-command.log
A	docs/blog/evidencia/b3/e2e.stderr.log
A	docs/blog/evidencia/b3/e2e.stdout.log
A	docs/blog/evidencia/b3/test-command.log
A	docs/blog/evidencia/b3/test.stderr.log
A	docs/blog/evidencia/b3/test.stdout.log
M	scripts/verification/blog.mjs
A	src/components/BlogAuthor.astro
M	src/layouts/BaseLayout.astro
M	src/layouts/BlogLayout.astro
A	src/pages/politica-editorial.astro
M	tests/e2e/blog.spec.ts
